Failed to parse CPUID
Traceback (most recent call last):
  File "/home/j.framinan/Intento_Transformers/train.py", line 385, in main
    gen_mat_path = os.path.join(GENERATE_MAT_FOLDER, f"val_gen_{val_file}")
NameError: name 'GENERATE_MAT_FOLDER' is not defined
Traceback (most recent call last):
  File "/home/j.framinan/Intento_Transformers/train.py", line 385, in main
    gen_mat_path = os.path.join(GENERATE_MAT_FOLDER, f"val_gen_{val_file}")
NameError: name 'GENERATE_MAT_FOLDER' is not defined
Traceback (most recent call last):
  File "/home/j.framinan/Intento_Transformers/train.py", line 385, in main
    gen_mat_path = os.path.join(GENERATE_MAT_FOLDER, f"val_gen_{val_file}")
NameError: name 'GENERATE_MAT_FOLDER' is not defined
Traceback (most recent call last):
  File "/home/j.framinan/Intento_Transformers/train.py", line 385, in main
    gen_mat_path = os.path.join(GENERATE_MAT_FOLDER, f"val_gen_{val_file}")
NameError: name 'GENERATE_MAT_FOLDER' is not defined
Traceback (most recent call last):
  File "/home/j.framinan/Intento_Transformers/train.py", line 385, in main
    gen_mat_path = os.path.join(GENERATE_MAT_FOLDER, f"val_gen_{val_file}")
NameError: name 'GENERATE_MAT_FOLDER' is not defined
Traceback (most recent call last):
  File "/home/j.framinan/Intento_Transformers/train.py", line 385, in main
    gen_mat_path = os.path.join(GENERATE_MAT_FOLDER, f"val_gen_{val_file}")
NameError: name 'GENERATE_MAT_FOLDER' is not defined
