Failed to parse CPUID
Traceback (most recent call last):
  File "/home/j.framinan/TFG_repo/Intento_Transformers/train.py", line 452, in <module>
    main()
  File "/home/j.framinan/TFG_repo/Intento_Transformers/train.py", line 257, in main
    noise_pred = model(z_t, t, batch_ang)
  File "/home/j.framinan/.conda/envs/test_env/lib/python3.10/site-packages/torch/nn/modules/module.py", line 1511, in _wrapped_call_impl
    return self._call_impl(*args, **kwargs)
  File "/home/j.framinan/.conda/envs/test_env/lib/python3.10/site-packages/torch/nn/modules/module.py", line 1520, in _call_impl
    return forward_call(*args, **kwargs)
  File "/home/j.framinan/TFG_repo/Intento_Transformers/model.py", line 408, in forward
    x = block(x, c)
  File "/home/j.framinan/.conda/envs/test_env/lib/python3.10/site-packages/torch/nn/modules/module.py", line 1511, in _wrapped_call_impl
    return self._call_impl(*args, **kwargs)
  File "/home/j.framinan/.conda/envs/test_env/lib/python3.10/site-packages/torch/nn/modules/module.py", line 1520, in _call_impl
    return forward_call(*args, **kwargs)
  File "/home/j.framinan/TFG_repo/Intento_Transformers/model.py", line 206, in forward
    x = x + gate_attn.unsqueeze(1) * self.attn(modulate(self.norm1(x), shift_attn, scale_attn))
  File "/home/j.framinan/.conda/envs/test_env/lib/python3.10/site-packages/torch/nn/modules/module.py", line 1511, in _wrapped_call_impl
    return self._call_impl(*args, **kwargs)
  File "/home/j.framinan/.conda/envs/test_env/lib/python3.10/site-packages/torch/nn/modules/module.py", line 1520, in _call_impl
    return forward_call(*args, **kwargs)
  File "/home/j.framinan/TFG_repo/Intento_Transformers/model.py", line 164, in forward
    attn_out = self._chunked_attention(q, k, v)
  File "/home/j.framinan/TFG_repo/Intento_Transformers/model.py", line 145, in _chunked_attention
    out[:, :, start:end, :] = self._attention_core(q[:, :, start:end, :], k, v)
  File "/home/j.framinan/TFG_repo/Intento_Transformers/model.py", line 123, in _attention_core
    attn_scores = torch.matmul(q, k.transpose(-2, -1)) * self.scale
torch.cuda.OutOfMemoryError: HIP out of memory. Tried to allocate 16.00 MiB. GPU 0 has a total capacity of 63.98 GiB of which 0 bytes is free. Of the allocated memory 63.50 GiB is allocated by PyTorch, and 186.46 MiB is reserved by PyTorch but unallocated. If reserved but unallocated memory is large try setting PYTORCH_HIP_ALLOC_CONF=expandable_segments:True to avoid fragmentation.  See documentation for Memory Management  (https://pytorch.org/docs/stable/notes/cuda.html#environment-variables)
