Failed to parse CPUID
Traceback (most recent call last):
  File "/home/j.framinan/Intento_Transformers/train.py", line 253, in <module>
    main()
  File "/home/j.framinan/Intento_Transformers/train.py", line 184, in main
    noise_pred = model(x_t, t, batch_ang)
  File "/home/j.framinan/.conda/envs/test_env/lib/python3.10/site-packages/torch/nn/modules/module.py", line 1511, in _wrapped_call_impl
    return self._call_impl(*args, **kwargs)
  File "/home/j.framinan/.conda/envs/test_env/lib/python3.10/site-packages/torch/nn/modules/module.py", line 1520, in _call_impl
    return forward_call(*args, **kwargs)
  File "/home/j.framinan/Intento_Transformers/model.py", line 457, in forward
    z = self.vae_encoder(x)  # (B, latent_channels, H, W)
  File "/home/j.framinan/.conda/envs/test_env/lib/python3.10/site-packages/torch/nn/modules/module.py", line 1511, in _wrapped_call_impl
    return self._call_impl(*args, **kwargs)
  File "/home/j.framinan/.conda/envs/test_env/lib/python3.10/site-packages/torch/nn/modules/module.py", line 1520, in _call_impl
    return forward_call(*args, **kwargs)
  File "/home/j.framinan/Intento_Transformers/model.py", line 59, in forward
    return self.encoder(x)
  File "/home/j.framinan/.conda/envs/test_env/lib/python3.10/site-packages/torch/nn/modules/module.py", line 1511, in _wrapped_call_impl
    return self._call_impl(*args, **kwargs)
  File "/home/j.framinan/.conda/envs/test_env/lib/python3.10/site-packages/torch/nn/modules/module.py", line 1520, in _call_impl
    return forward_call(*args, **kwargs)
  File "/home/j.framinan/.conda/envs/test_env/lib/python3.10/site-packages/torch/nn/modules/container.py", line 217, in forward
    input = module(input)
  File "/home/j.framinan/.conda/envs/test_env/lib/python3.10/site-packages/torch/nn/modules/module.py", line 1511, in _wrapped_call_impl
    return self._call_impl(*args, **kwargs)
  File "/home/j.framinan/.conda/envs/test_env/lib/python3.10/site-packages/torch/nn/modules/module.py", line 1520, in _call_impl
    return forward_call(*args, **kwargs)
  File "/home/j.framinan/.conda/envs/test_env/lib/python3.10/site-packages/torch/nn/modules/activation.py", line 101, in forward
    return F.relu(input, inplace=self.inplace)
  File "/home/j.framinan/.conda/envs/test_env/lib/python3.10/site-packages/torch/nn/functional.py", line 1473, in relu
    result = torch.relu(input)
torch.cuda.OutOfMemoryError: HIP out of memory. Tried to allocate 342.00 MiB. GPU 0 has a total capacity of 63.98 GiB of which 0 bytes is free. Of the allocated memory 2.94 GiB is allocated by PyTorch, and 192.65 MiB is reserved by PyTorch but unallocated. If reserved but unallocated memory is large try setting PYTORCH_HIP_ALLOC_CONF=expandable_segments:True to avoid fragmentation.  See documentation for Memory Management  (https://pytorch.org/docs/stable/notes/cuda.html#environment-variables)
