Failed to parse CPUID
Traceback (most recent call last):
  File "/home/j.framinan/Intento_Transformers/train.py", line 315, in main
    break
ValueError: operands could not be broadcast together with shapes (700,2000) (2000,2000) 
Traceback (most recent call last):
  File "/home/j.framinan/Intento_Transformers/train.py", line 315, in main
    break
ValueError: operands could not be broadcast together with shapes (700,2000) (2000,2000) 
Traceback (most recent call last):
  File "/home/j.framinan/Intento_Transformers/train.py", line 315, in main
    break
ValueError: operands could not be broadcast together with shapes (700,2000) (2000,2000) 
Traceback (most recent call last):
  File "/home/j.framinan/Intento_Transformers/train.py", line 315, in main
    break
ValueError: operands could not be broadcast together with shapes (700,2000) (2000,2000) 
Traceback (most recent call last):
  File "/home/j.framinan/Intento_Transformers/train.py", line 315, in main
    break
ValueError: operands could not be broadcast together with shapes (700,2000) (2000,2000) 
Traceback (most recent call last):
  File "/home/j.framinan/Intento_Transformers/train.py", line 315, in main
    break
ValueError: operands could not be broadcast together with shapes (700,2000) (2000,2000) 
