Failed to parse CPUID
Traceback (most recent call last):
  File "/home/j.framinan/Intento_Transformers/train.py", line 253, in <module>
    main()
  File "/home/j.framinan/Intento_Transformers/train.py", line 184, in main
    noise_pred = model(x_t, t, batch_ang)
  File "/home/j.framinan/.conda/envs/test_env/lib/python3.10/site-packages/torch/nn/modules/module.py", line 1511, in _wrapped_call_impl
    return self._call_impl(*args, **kwargs)
  File "/home/j.framinan/.conda/envs/test_env/lib/python3.10/site-packages/torch/nn/modules/module.py", line 1520, in _call_impl
    return forward_call(*args, **kwargs)
  File "/home/j.framinan/Intento_Transformers/model.py", line 457, in forward
    self._initialize_pos_embed(z.shape)
  File "/home/j.framinan/Intento_Transformers/model.py", line 437, in _initialize_pos_embed
    pos_embed = get_2d_sincos_pos_embed(self.hidden_size, (H, W))
  File "/home/j.framinan/Intento_Transformers/model.py", line 121, in get_2d_sincos_pos_embed
    emb_x = get_1d_sincos_pos_embed_from_grid(embed_dim // 2, grid_x)
  File "/home/j.framinan/Intento_Transformers/model.py", line 140, in get_1d_sincos_pos_embed_from_grid
    out = torch.einsum('n,d->nd', grid, omega)  # (n, embed_dim//2)
  File "/home/j.framinan/.conda/envs/test_env/lib/python3.10/site-packages/torch/functional.py", line 380, in einsum
    return _VF.einsum(equation, operands)  # type: ignore[attr-defined]
RuntimeError: einsum(): the number of subscripts in the equation (1) does not match the number of dimensions (2) for operand 0 and no ellipsis was given
