Failed to parse CPUID
Traceback (most recent call last):
  File "/home/j.framinan/Intento_Transformers/train.py", line 385, in main
    rmse = np.sqrt(np.mean(diff**2))
ValueError: operands could not be broadcast together with shapes (696,2000) (700,2000) 
Traceback (most recent call last):
  File "/home/j.framinan/Intento_Transformers/train.py", line 385, in main
    rmse = np.sqrt(np.mean(diff**2))
ValueError: operands could not be broadcast together with shapes (696,2000) (700,2000) 
Traceback (most recent call last):
  File "/home/j.framinan/Intento_Transformers/train.py", line 385, in main
    rmse = np.sqrt(np.mean(diff**2))
ValueError: operands could not be broadcast together with shapes (696,2000) (700,2000) 
Traceback (most recent call last):
  File "/home/j.framinan/Intento_Transformers/train.py", line 385, in main
    rmse = np.sqrt(np.mean(diff**2))
ValueError: operands could not be broadcast together with shapes (696,2000) (700,2000) 
Traceback (most recent call last):
  File "/home/j.framinan/Intento_Transformers/train.py", line 385, in main
    mape = np.mean(np.abs(diff / (np.abs(val_tl_denorm) + 1e-8))) * 100
ValueError: operands could not be broadcast together with shapes (696,2000) (700,2000) 
Traceback (most recent call last):
  File "/home/j.framinan/Intento_Transformers/train.py", line 385, in main
    mape = np.mean(np.abs(diff / (np.abs(val_tl_denorm) + 1e-8))) * 100
ValueError: operands could not be broadcast together with shapes (696,2000) (700,2000) 
