Failed to parse CPUID
Traceback (most recent call last):
  File "/home/j.framinan/Intento_Transformers/train.py", line 382, in main
    diff = gen_tl - val_tl_denorm
ValueError: operands could not be broadcast together with shapes (696,2000) (700,2000) 
Traceback (most recent call last):
  File "/home/j.framinan/Intento_Transformers/train.py", line 382, in main
    diff = gen_tl - val_tl_denorm
ValueError: operands could not be broadcast together with shapes (696,2000) (700,2000) 
Traceback (most recent call last):
  File "/home/j.framinan/Intento_Transformers/train.py", line 382, in main
    diff = gen_tl - val_tl_denorm
ValueError: operands could not be broadcast together with shapes (696,2000) (700,2000) 
Traceback (most recent call last):
  File "/home/j.framinan/Intento_Transformers/train.py", line 382, in main
    diff = gen_tl - val_tl_denorm
ValueError: operands could not be broadcast together with shapes (696,2000) (700,2000) 
Traceback (most recent call last):
  File "/home/j.framinan/Intento_Transformers/train.py", line 382, in main
    diff = gen_tl - val_tl_denorm
ValueError: operands could not be broadcast together with shapes (696,2000) (700,2000) 
Traceback (most recent call last):
  File "/home/j.framinan/Intento_Transformers/train.py", line 382, in main
    diff = gen_tl - val_tl_denorm
ValueError: operands could not be broadcast together with shapes (696,2000) (700,2000) 
