Failed to parse CPUID
Traceback (most recent call last):
  File "/home/j.framinan/unet_ae_modular/train.py", line 531, in <module>
    main()
  File "/home/j.framinan/unet_ae_modular/train.py", line 131, in main
    recon = model(batch_img, batch_ang)
  File "/home/j.framinan/.conda/envs/test_env/lib/python3.10/site-packages/torch/nn/modules/module.py", line 1511, in _wrapped_call_impl
    return self._call_impl(*args, **kwargs)
  File "/home/j.framinan/.conda/envs/test_env/lib/python3.10/site-packages/torch/nn/modules/module.py", line 1520, in _call_impl
    return forward_call(*args, **kwargs)
  File "/home/j.framinan/unet_ae_modular/model.py", line 182, in forward
    e1, e2, e3, b = self.encode(x, cond)
  File "/home/j.framinan/unet_ae_modular/model.py", line 131, in encode
    e1 = self.enc1(x)
  File "/home/j.framinan/.conda/envs/test_env/lib/python3.10/site-packages/torch/nn/modules/module.py", line 1511, in _wrapped_call_impl
    return self._call_impl(*args, **kwargs)
  File "/home/j.framinan/.conda/envs/test_env/lib/python3.10/site-packages/torch/nn/modules/module.py", line 1520, in _call_impl
    return forward_call(*args, **kwargs)
  File "/home/j.framinan/unet_ae_modular/model.py", line 35, in forward
    return self.block(x)
  File "/home/j.framinan/.conda/envs/test_env/lib/python3.10/site-packages/torch/nn/modules/module.py", line 1511, in _wrapped_call_impl
    return self._call_impl(*args, **kwargs)
  File "/home/j.framinan/.conda/envs/test_env/lib/python3.10/site-packages/torch/nn/modules/module.py", line 1520, in _call_impl
    return forward_call(*args, **kwargs)
  File "/home/j.framinan/.conda/envs/test_env/lib/python3.10/site-packages/torch/nn/modules/container.py", line 217, in forward
    input = module(input)
  File "/home/j.framinan/.conda/envs/test_env/lib/python3.10/site-packages/torch/nn/modules/module.py", line 1511, in _wrapped_call_impl
    return self._call_impl(*args, **kwargs)
  File "/home/j.framinan/.conda/envs/test_env/lib/python3.10/site-packages/torch/nn/modules/module.py", line 1520, in _call_impl
    return forward_call(*args, **kwargs)
  File "/home/j.framinan/.conda/envs/test_env/lib/python3.10/site-packages/torch/nn/modules/conv.py", line 460, in forward
    return self._conv_forward(input, self.weight, self.bias)
  File "/home/j.framinan/.conda/envs/test_env/lib/python3.10/site-packages/torch/nn/modules/conv.py", line 456, in _conv_forward
    return F.conv2d(input, weight, bias, self.stride,
torch.cuda.OutOfMemoryError: HIP out of memory. Tried to allocate 1.34 GiB. GPU 0 has a total capacity of 63.98 GiB of which 930.00 MiB is free. Of the allocated memory 2.72 GiB is allocated by PyTorch, and 17.40 MiB is reserved by PyTorch but unallocated. If reserved but unallocated memory is large try setting PYTORCH_HIP_ALLOC_CONF=expandable_segments:True to avoid fragmentation.  See documentation for Memory Management  (https://pytorch.org/docs/stable/notes/cuda.html#environment-variables)
