Starting job
jue 09 abr 2026 12:53:57 CEST
Dispositivo: cuda
  GPU: AMD Instinct MI210
  VRAM: 68.7 GB
============================================================
  CARGANDO PLANOS Y EXTRAYENDO ROIs
============================================================
  Modo ROI: corner_fixed  |  esquina fisica (X, Z) = (0, 10)
  [i] PlaneAngle-145.00_Length499.00.mat: esquina física (0, 10) -> pixel (776, 0)
  [OK] PlaneAngle-145.00_Length499.00.mat -> 1 ROIs  (angulo=-145.00)
  [i] PlaneAngle-150.00_Length499.00.mat: esquina física (0, 10) -> pixel (776, 0)
  [OK] PlaneAngle-150.00_Length499.00.mat -> 1 ROIs  (angulo=-150.00)
  [i] PlaneAngle-155.00_Length499.00.mat: esquina física (0, 10) -> pixel (776, 0)
  [OK] PlaneAngle-155.00_Length499.00.mat -> 1 ROIs  (angulo=-155.00)
  [i] PlaneAngle-160.00_Length499.00.mat: esquina física (0, 10) -> pixel (776, 0)
  [OK] PlaneAngle-160.00_Length499.00.mat -> 1 ROIs  (angulo=-160.00)
  [i] PlaneAngle-165.00_Length499.00.mat: esquina física (0, 10) -> pixel (776, 0)
  [OK] PlaneAngle-165.00_Length499.00.mat -> 1 ROIs  (angulo=-165.00)
  [i] PlaneAngle-170.00_Length499.00.mat: esquina física (0, 10) -> pixel (776, 0)
  [OK] PlaneAngle-170.00_Length499.00.mat -> 1 ROIs  (angulo=-170.00)
  [i] PlaneAngle-175.00_Length499.00.mat: esquina física (0, 10) -> pixel (776, 0)
  [OK] PlaneAngle-175.00_Length499.00.mat -> 1 ROIs  (angulo=-175.00)
  [i] PlaneAngle100.00_Length499.00.mat: esquina física (0, 10) -> pixel (776, 0)
  [OK] PlaneAngle100.00_Length499.00.mat -> 1 ROIs  (angulo=100.00)
  [i] PlaneAngle105.00_Length499.00.mat: esquina física (0, 10) -> pixel (776, 0)
  [OK] PlaneAngle105.00_Length499.00.mat -> 1 ROIs  (angulo=105.00)
  [i] PlaneAngle110.00_Length499.00.mat: esquina física (0, 10) -> pixel (776, 0)
  [OK] PlaneAngle110.00_Length499.00.mat -> 1 ROIs  (angulo=110.00)
  [i] PlaneAngle115.00_Length499.00.mat: esquina física (0, 10) -> pixel (776, 0)
  [OK] PlaneAngle115.00_Length499.00.mat -> 1 ROIs  (angulo=115.00)
  [i] PlaneAngle120.00_Length499.00.mat: esquina física (0, 10) -> pixel (776, 0)
  [OK] PlaneAngle120.00_Length499.00.mat -> 1 ROIs  (angulo=120.00)
  [i] PlaneAngle125.00_Length499.00.mat: esquina física (0, 10) -> pixel (776, 0)
  [OK] PlaneAngle125.00_Length499.00.mat -> 1 ROIs  (angulo=125.00)
  [i] PlaneAngle130.00_Length499.00.mat: esquina física (0, 10) -> pixel (776, 0)
  [OK] PlaneAngle130.00_Length499.00.mat -> 1 ROIs  (angulo=130.00)
  [i] PlaneAngle150.00_Length499.00.mat: esquina física (0, 10) -> pixel (776, 0)
  [OK] PlaneAngle150.00_Length499.00.mat -> 1 ROIs  (angulo=150.00)
  [i] PlaneAngle155.00_Length499.00.mat: esquina física (0, 10) -> pixel (776, 0)
  [OK] PlaneAngle155.00_Length499.00.mat -> 1 ROIs  (angulo=155.00)
  [i] PlaneAngle160.00_Length499.00.mat: esquina física (0, 10) -> pixel (776, 0)
  [OK] PlaneAngle160.00_Length499.00.mat -> 1 ROIs  (angulo=160.00)
  [i] PlaneAngle165.00_Length499.00.mat: esquina física (0, 10) -> pixel (776, 0)
  [OK] PlaneAngle165.00_Length499.00.mat -> 1 ROIs  (angulo=165.00)
  [i] PlaneAngle170.00_Length499.00.mat: esquina física (0, 10) -> pixel (776, 0)
  [OK] PlaneAngle170.00_Length499.00.mat -> 1 ROIs  (angulo=170.00)
  [i] PlaneAngle175.00_Length499.00.mat: esquina física (0, 10) -> pixel (776, 0)
  [OK] PlaneAngle175.00_Length499.00.mat -> 1 ROIs  (angulo=175.00)
  [i] PlaneAngle180.00_Length499.00.mat: esquina física (0, 10) -> pixel (776, 0)
  [OK] PlaneAngle180.00_Length499.00.mat -> 1 ROIs  (angulo=180.00)
  [i] PlaneAngle95.00_Length499.00.mat: esquina física (0, 10) -> pixel (776, 0)
  [OK] PlaneAngle95.00_Length499.00.mat -> 1 ROIs  (angulo=95.00)

ROIs base: 22  |  Forma: (22, 700, 2000)
Rango TL: [-100.00, -4.17]
Rango ángulos: [-175.00°, 180.00°]
Data augmentation desactivado: 22 muestras (sin aumentar)
Batches por época: 11

============================================================
  ENTRENANDO DIFFUSION TRANSFORMER (DiT)
============================================================

✓ Cargando VAE pre-entrenado desde: /home/j.framinan/unet_ae_modular/output/unet_ae_model.pt
  ✓ VAE congelado (no se entrena, sólo se usa como encoder/decoder)

Parámetros entrenables: 57,617,536
Configuración DiT:
  - Hidden size: 512
  - Depth: 12
  - Num heads: 8
  - MLP ratio: 4.0
  - VAE latent channels: 128
  - Diffusion steps: 1000
  Época   1/100  |  MSE loss = 1.008345  |  LR = 1.10e-06  |  15s  ETA 24m 52s
  Época  10/100  |  MSE loss = 1.005981  |  LR = 1.10e-05  |  2m 18s  ETA 20m 45s
  Época  20/100  |  MSE loss = 1.004188  |  LR = 2.20e-05  |  4m 34s  ETA 18m 16s
  Época  30/100  |  MSE loss = 1.003902  |  LR = 3.30e-05  |  6m 50s  ETA 15m 58s
  Época  40/100  |  MSE loss = 1.003515  |  LR = 4.40e-05  |  9m 7s  ETA 13m 41s
  Época  50/100  |  MSE loss = 1.003321  |  LR = 5.50e-05  |  12m 12s  ETA 12m 12s
  Época  60/100  |  MSE loss = 1.002728  |  LR = 6.60e-05  |  15m 6s  ETA 10m 4s
  Época  70/100  |  MSE loss = 1.002874  |  LR = 7.70e-05  |  18m 29s  ETA 7m 55s
  Época  80/100  |  MSE loss = 1.002916  |  LR = 8.80e-05  |  21m 36s  ETA 5m 24s
  Época  90/100  |  MSE loss = 1.003110  |  LR = 9.90e-05  |  24m 28s  ETA 2m 43s
  Época 100/100  |  MSE loss = 1.003132  |  LR = 0.00e+00  |  26m 50s  ETA 0s

Entrenamiento completado en 26m 50s
Curva de entrenamiento guardada.

============================================================
  VALIDACIÓN: GENERANDO PLANOS DE VALIDACIÓN
============================================================
Encontrados 6 planos de validación
  PlaneAngle10.00_Length499.00.mat: MAE=nan, RMSE=nan, Max=nan, MAPE=nan%
  PlaneAngle135.00_Length499.00.mat: MAE=nan, RMSE=nan, Max=nan, MAPE=nan%
  PlaneAngle140.00_Length499.00.mat: MAE=nan, RMSE=nan, Max=nan, MAPE=nan%
  PlaneAngle145.00_Length499.00.mat: MAE=nan, RMSE=nan, Max=nan, MAPE=nan%
  PlaneAngle75.00_Length499.00.mat: MAE=nan, RMSE=nan, Max=nan, MAPE=nan%
  PlaneAngle80.00_Length499.00.mat: MAE=nan, RMSE=nan, Max=nan, MAPE=nan%
  Validación visual guardada en /home/j.framinan/Intento_Transformers/output/validation/PNG/validation_real_vs_gen.png

  Estadísticas validación (6 planos):
    MAE medio   = nan dB
    RMSE medio  = nan dB
    MAPE medio  = nan%
    Max error   = nan dB

Modelo guardado en: /home/j.framinan/Intento_Transformers/output/dit_model_latest.pt

============================================================
  ¡LISTO! Entrenamiento du DiT completado
  Resultados en: /home/j.framinan/Intento_Transformers/output/train/PNG
============================================================
jue 09 abr 2026 13:25:07 CEST
Finished
