Starting job
vie 10 abr 2026 19:06:48 CEST
Project dir: /home/j.framinan/TFG_repo/Intento_Transformers
Device: cuda
  GPU: AMD Instinct MI210 (68.7 GB)
======================================================================
Loading data and extracting ROIs
======================================================================
  Modo ROI: corner_fixed  |  esquina fisica (X, Z) = (0, 10)
  [i] PlaneAngle-145.00_Length499.00.mat: esquina física (0, 10) -> pixel (776, 0)
  [OK] PlaneAngle-145.00_Length499.00.mat -> 1 ROIs  (angulo=-145.00)
  [i] PlaneAngle-150.00_Length499.00.mat: esquina física (0, 10) -> pixel (776, 0)
  [OK] PlaneAngle-150.00_Length499.00.mat -> 1 ROIs  (angulo=-150.00)
  [i] PlaneAngle-155.00_Length499.00.mat: esquina física (0, 10) -> pixel (776, 0)
  [OK] PlaneAngle-155.00_Length499.00.mat -> 1 ROIs  (angulo=-155.00)
  [i] PlaneAngle-160.00_Length499.00.mat: esquina física (0, 10) -> pixel (776, 0)
  [OK] PlaneAngle-160.00_Length499.00.mat -> 1 ROIs  (angulo=-160.00)
  [i] PlaneAngle-165.00_Length499.00.mat: esquina física (0, 10) -> pixel (776, 0)
  [OK] PlaneAngle-165.00_Length499.00.mat -> 1 ROIs  (angulo=-165.00)
  [i] PlaneAngle-170.00_Length499.00.mat: esquina física (0, 10) -> pixel (776, 0)
  [OK] PlaneAngle-170.00_Length499.00.mat -> 1 ROIs  (angulo=-170.00)
  [i] PlaneAngle-175.00_Length499.00.mat: esquina física (0, 10) -> pixel (776, 0)
  [OK] PlaneAngle-175.00_Length499.00.mat -> 1 ROIs  (angulo=-175.00)
  [i] PlaneAngle0.00_Length499.00.mat: esquina física (0, 10) -> pixel (776, 0)
  [OK] PlaneAngle0.00_Length499.00.mat -> 1 ROIs  (angulo=0.00)
  [i] PlaneAngle100.00_Length499.00.mat: esquina física (0, 10) -> pixel (776, 0)
  [OK] PlaneAngle100.00_Length499.00.mat -> 1 ROIs  (angulo=100.00)
  [i] PlaneAngle105.00_Length499.00.mat: esquina física (0, 10) -> pixel (776, 0)
  [OK] PlaneAngle105.00_Length499.00.mat -> 1 ROIs  (angulo=105.00)
  [i] PlaneAngle110.00_Length499.00.mat: esquina física (0, 10) -> pixel (776, 0)
  [OK] PlaneAngle110.00_Length499.00.mat -> 1 ROIs  (angulo=110.00)
  [i] PlaneAngle115.00_Length499.00.mat: esquina física (0, 10) -> pixel (776, 0)
  [OK] PlaneAngle115.00_Length499.00.mat -> 1 ROIs  (angulo=115.00)
  [i] PlaneAngle120.00_Length499.00.mat: esquina física (0, 10) -> pixel (776, 0)
  [OK] PlaneAngle120.00_Length499.00.mat -> 1 ROIs  (angulo=120.00)
  [i] PlaneAngle125.00_Length499.00.mat: esquina física (0, 10) -> pixel (776, 0)
  [OK] PlaneAngle125.00_Length499.00.mat -> 1 ROIs  (angulo=125.00)
  [i] PlaneAngle130.00_Length499.00.mat: esquina física (0, 10) -> pixel (776, 0)
  [OK] PlaneAngle130.00_Length499.00.mat -> 1 ROIs  (angulo=130.00)
  [i] PlaneAngle15.00_Length499.00.mat: esquina física (0, 10) -> pixel (776, 0)
  [OK] PlaneAngle15.00_Length499.00.mat -> 1 ROIs  (angulo=15.00)
  [i] PlaneAngle150.00_Length499.00.mat: esquina física (0, 10) -> pixel (776, 0)
  [OK] PlaneAngle150.00_Length499.00.mat -> 1 ROIs  (angulo=150.00)
  [i] PlaneAngle155.00_Length499.00.mat: esquina física (0, 10) -> pixel (776, 0)
  [OK] PlaneAngle155.00_Length499.00.mat -> 1 ROIs  (angulo=155.00)
  [i] PlaneAngle160.00_Length499.00.mat: esquina física (0, 10) -> pixel (776, 0)
  [OK] PlaneAngle160.00_Length499.00.mat -> 1 ROIs  (angulo=160.00)
  [i] PlaneAngle165.00_Length499.00.mat: esquina física (0, 10) -> pixel (776, 0)
  [OK] PlaneAngle165.00_Length499.00.mat -> 1 ROIs  (angulo=165.00)
  [i] PlaneAngle170.00_Length499.00.mat: esquina física (0, 10) -> pixel (776, 0)
  [OK] PlaneAngle170.00_Length499.00.mat -> 1 ROIs  (angulo=170.00)
  [i] PlaneAngle175.00_Length499.00.mat: esquina física (0, 10) -> pixel (776, 0)
  [OK] PlaneAngle175.00_Length499.00.mat -> 1 ROIs  (angulo=175.00)
  [i] PlaneAngle180.00_Length499.00.mat: esquina física (0, 10) -> pixel (776, 0)
  [OK] PlaneAngle180.00_Length499.00.mat -> 1 ROIs  (angulo=180.00)
  [i] PlaneAngle20.00_Length499.00.mat: esquina física (0, 10) -> pixel (776, 0)
  [OK] PlaneAngle20.00_Length499.00.mat -> 1 ROIs  (angulo=20.00)
  [i] PlaneAngle25.00_Length499.00.mat: esquina física (0, 10) -> pixel (776, 0)
  [OK] PlaneAngle25.00_Length499.00.mat -> 1 ROIs  (angulo=25.00)
  [i] PlaneAngle30.00_Length499.00.mat: esquina física (0, 10) -> pixel (776, 0)
  [OK] PlaneAngle30.00_Length499.00.mat -> 1 ROIs  (angulo=30.00)
  [i] PlaneAngle35.00_Length499.00.mat: esquina física (0, 10) -> pixel (776, 0)
  [OK] PlaneAngle35.00_Length499.00.mat -> 1 ROIs  (angulo=35.00)
  [i] PlaneAngle40.00_Length499.00.mat: esquina física (0, 10) -> pixel (776, 0)
  [OK] PlaneAngle40.00_Length499.00.mat -> 1 ROIs  (angulo=40.00)
  [i] PlaneAngle45.00_Length499.00.mat: esquina física (0, 10) -> pixel (776, 0)
  [OK] PlaneAngle45.00_Length499.00.mat -> 1 ROIs  (angulo=45.00)
  [i] PlaneAngle5.00_Length499.00.mat: esquina física (0, 10) -> pixel (776, 0)
  [OK] PlaneAngle5.00_Length499.00.mat -> 1 ROIs  (angulo=5.00)
  [i] PlaneAngle50.00_Length499.00.mat: esquina física (0, 10) -> pixel (776, 0)
  [OK] PlaneAngle50.00_Length499.00.mat -> 1 ROIs  (angulo=50.00)
  [i] PlaneAngle55.00_Length499.00.mat: esquina física (0, 10) -> pixel (776, 0)
  [OK] PlaneAngle55.00_Length499.00.mat -> 1 ROIs  (angulo=55.00)
  [i] PlaneAngle60.00_Length499.00.mat: esquina física (0, 10) -> pixel (776, 0)
  [OK] PlaneAngle60.00_Length499.00.mat -> 1 ROIs  (angulo=60.00)
  [i] PlaneAngle65.00_Length499.00.mat: esquina física (0, 10) -> pixel (776, 0)
  [OK] PlaneAngle65.00_Length499.00.mat -> 1 ROIs  (angulo=65.00)
  [i] PlaneAngle70.00_Length499.00.mat: esquina física (0, 10) -> pixel (776, 0)
  [OK] PlaneAngle70.00_Length499.00.mat -> 1 ROIs  (angulo=70.00)
  [i] PlaneAngle85.00_Length499.00.mat: esquina física (0, 10) -> pixel (776, 0)
  [OK] PlaneAngle85.00_Length499.00.mat -> 1 ROIs  (angulo=85.00)
  [i] PlaneAngle90.00_Length499.00.mat: esquina física (0, 10) -> pixel (776, 0)
  [OK] PlaneAngle90.00_Length499.00.mat -> 1 ROIs  (angulo=90.00)
  [i] PlaneAngle95.00_Length499.00.mat: esquina física (0, 10) -> pixel (776, 0)
  [OK] PlaneAngle95.00_Length499.00.mat -> 1 ROIs  (angulo=95.00)
ROIs loaded: 38
ROI shape: 700 x 2000
TL range: [-100.000, -4.174]
Angle range: [-175.000, 180.000]
Augmentation: OFF (38 samples)
Batches per epoch: 10
Loading VAE from: /home/j.framinan/TFG_repo/Intento_Transformers/../unet_ae_modular/output/unet_ae_model.pt
[VAE] Loaded ConditionalUNetAE checkpoint from /home/j.framinan/TFG_repo/Intento_Transformers/../unet_ae_modular/output/unet_ae_model.pt
VAE codec loaded successfully
Latent shape: 87 x 250 (channels=256, ratio=6)
======================================================================
Training DiT
======================================================================
Trainable params: 37,255,680
Model config: hidden=448, depth=11, heads=14, patch=2, attn_chunk=448
Optimization config: grad_accum=1, ema_decay=0.9997, val_ddim_steps=150, ckpt=True
Epoch    1/100 | loss=1.331975 | smooth=1.331975 | lr=3.75e-06 | elapsed=1m 8s eta=1h 53m 29s
Epoch   10/100 | loss=1.004565 | smooth=1.226662 | lr=3.75e-05 | elapsed=6m 35s eta=59m 15s
Epoch   20/100 | loss=0.997522 | smooth=1.098048 | lr=7.50e-05 | elapsed=12m 36s eta=50m 25s
Epoch   30/100 | loss=0.898223 | smooth=1.016873 | lr=1.12e-04 | elapsed=18m 38s eta=43m 29s
Epoch   40/100 | loss=0.796887 | smooth=0.910688 | lr=1.50e-04 | elapsed=24m 40s eta=37m 0s
Epoch   50/100 | loss=0.716500 | smooth=0.813495 | lr=1.41e-04 | elapsed=30m 42s eta=30m 42s
Epoch   60/100 | loss=0.685426 | smooth=0.748592 | lr=1.16e-04 | elapsed=36m 44s eta=24m 29s
Epoch   70/100 | loss=0.656444 | smooth=0.704719 | lr=8.25e-05 | elapsed=42m 46s eta=18m 19s
Epoch   80/100 | loss=0.649394 | smooth=0.679312 | lr=4.88e-05 | elapsed=48m 48s eta=12m 12s
Epoch   90/100 | loss=0.638079 | smooth=0.660105 | lr=2.40e-05 | elapsed=54m 50s eta=6m 5s
Epoch  100/100 | loss=0.644652 | smooth=0.652688 | lr=1.50e-05 | elapsed=1h 0m 52s eta=0s
Training finished in 1h 0m 52s
Training curve saved to: /home/j.framinan/TFG_repo/Intento_Transformers/output/train/PNG/training_curve_dit.png
======================================================================
Validation
======================================================================

============================================================
  CARGANDO PLANOS DE VALIDACION
============================================================
  Modo ROI: corner_fixed  |  esquina fisica (X, Z) = (0, 10)
  [OK] PlaneAngle10.00_Length499.00.mat -> 1 ROIs  (angulo=10.00)
  [OK] PlaneAngle135.00_Length499.00.mat -> 1 ROIs  (angulo=135.00)
  [OK] PlaneAngle140.00_Length499.00.mat -> 1 ROIs  (angulo=140.00)
  [OK] PlaneAngle145.00_Length499.00.mat -> 1 ROIs  (angulo=145.00)
  [OK] PlaneAngle75.00_Length499.00.mat -> 1 ROIs  (angulo=75.00)
  [OK] PlaneAngle80.00_Length499.00.mat -> 1 ROIs  (angulo=80.00)
Validation angle=+010.00 | MAE=38.678 RMSE=45.251 MAPE=44.77%
Validation angle=+135.00 | MAE=40.538 RMSE=46.868 MAPE=46.60%
Validation angle=+140.00 | MAE=40.860 RMSE=47.158 MAPE=46.81%
Validation angle=+145.00 | MAE=41.255 RMSE=47.466 MAPE=47.13%
Validation angle=+075.00 | MAE=38.735 RMSE=45.315 MAPE=44.82%
Validation angle=+080.00 | MAE=38.706 RMSE=45.262 MAPE=44.82%
Validation figure saved to: /home/j.framinan/TFG_repo/Intento_Transformers/output/validation/PNG/validation_real_vs_generated.png
Validation summary: MAE=39.795 | RMSE=46.220 | MAPE=45.83% | MaxAbs=95.826
======================================================================
Checkpoint saved to: /home/j.framinan/TFG_repo/Intento_Transformers/output/dit_model_latest.pt
Done.
======================================================================
vie 10 abr 2026 20:11:57 CEST
Finished
