Starting job
mié 08 abr 2026 19:56:34 CEST
Dispositivo: cuda
  GPU: AMD Instinct MI210
  VRAM: 68.7 GB
============================================================
  CARGANDO PLANOS Y EXTRAYENDO ROIs
============================================================
  Modo ROI: corner_fixed  |  esquina fisica (X, Z) = (0, 10)
  [i] PlaneAngle-145.00_Length499.00.mat: esquina física (0, 10) -> pixel (776, 0)
  [OK] PlaneAngle-145.00_Length499.00.mat -> 1 ROIs  (angulo=-145.00)
  [i] PlaneAngle-150.00_Length499.00.mat: esquina física (0, 10) -> pixel (776, 0)
  [OK] PlaneAngle-150.00_Length499.00.mat -> 1 ROIs  (angulo=-150.00)
  [i] PlaneAngle-155.00_Length499.00.mat: esquina física (0, 10) -> pixel (776, 0)
  [OK] PlaneAngle-155.00_Length499.00.mat -> 1 ROIs  (angulo=-155.00)
  [i] PlaneAngle-160.00_Length499.00.mat: esquina física (0, 10) -> pixel (776, 0)
  [OK] PlaneAngle-160.00_Length499.00.mat -> 1 ROIs  (angulo=-160.00)
  [i] PlaneAngle-165.00_Length499.00.mat: esquina física (0, 10) -> pixel (776, 0)
  [OK] PlaneAngle-165.00_Length499.00.mat -> 1 ROIs  (angulo=-165.00)
  [i] PlaneAngle-170.00_Length499.00.mat: esquina física (0, 10) -> pixel (776, 0)
  [OK] PlaneAngle-170.00_Length499.00.mat -> 1 ROIs  (angulo=-170.00)
  [i] PlaneAngle-175.00_Length499.00.mat: esquina física (0, 10) -> pixel (776, 0)
  [OK] PlaneAngle-175.00_Length499.00.mat -> 1 ROIs  (angulo=-175.00)
  [i] PlaneAngle100.00_Length499.00.mat: esquina física (0, 10) -> pixel (776, 0)
  [OK] PlaneAngle100.00_Length499.00.mat -> 1 ROIs  (angulo=100.00)
  [i] PlaneAngle105.00_Length499.00.mat: esquina física (0, 10) -> pixel (776, 0)
  [OK] PlaneAngle105.00_Length499.00.mat -> 1 ROIs  (angulo=105.00)
  [i] PlaneAngle110.00_Length499.00.mat: esquina física (0, 10) -> pixel (776, 0)
  [OK] PlaneAngle110.00_Length499.00.mat -> 1 ROIs  (angulo=110.00)
  [i] PlaneAngle115.00_Length499.00.mat: esquina física (0, 10) -> pixel (776, 0)
  [OK] PlaneAngle115.00_Length499.00.mat -> 1 ROIs  (angulo=115.00)
  [i] PlaneAngle120.00_Length499.00.mat: esquina física (0, 10) -> pixel (776, 0)
  [OK] PlaneAngle120.00_Length499.00.mat -> 1 ROIs  (angulo=120.00)
  [i] PlaneAngle125.00_Length499.00.mat: esquina física (0, 10) -> pixel (776, 0)
  [OK] PlaneAngle125.00_Length499.00.mat -> 1 ROIs  (angulo=125.00)
  [i] PlaneAngle130.00_Length499.00.mat: esquina física (0, 10) -> pixel (776, 0)
  [OK] PlaneAngle130.00_Length499.00.mat -> 1 ROIs  (angulo=130.00)
  [i] PlaneAngle150.00_Length499.00.mat: esquina física (0, 10) -> pixel (776, 0)
  [OK] PlaneAngle150.00_Length499.00.mat -> 1 ROIs  (angulo=150.00)
  [i] PlaneAngle155.00_Length499.00.mat: esquina física (0, 10) -> pixel (776, 0)
  [OK] PlaneAngle155.00_Length499.00.mat -> 1 ROIs  (angulo=155.00)
  [i] PlaneAngle160.00_Length499.00.mat: esquina física (0, 10) -> pixel (776, 0)
  [OK] PlaneAngle160.00_Length499.00.mat -> 1 ROIs  (angulo=160.00)
  [i] PlaneAngle165.00_Length499.00.mat: esquina física (0, 10) -> pixel (776, 0)
  [OK] PlaneAngle165.00_Length499.00.mat -> 1 ROIs  (angulo=165.00)
  [i] PlaneAngle170.00_Length499.00.mat: esquina física (0, 10) -> pixel (776, 0)
  [OK] PlaneAngle170.00_Length499.00.mat -> 1 ROIs  (angulo=170.00)
  [i] PlaneAngle175.00_Length499.00.mat: esquina física (0, 10) -> pixel (776, 0)
  [OK] PlaneAngle175.00_Length499.00.mat -> 1 ROIs  (angulo=175.00)
  [i] PlaneAngle180.00_Length499.00.mat: esquina física (0, 10) -> pixel (776, 0)
  [OK] PlaneAngle180.00_Length499.00.mat -> 1 ROIs  (angulo=180.00)
  [i] PlaneAngle95.00_Length499.00.mat: esquina física (0, 10) -> pixel (776, 0)
  [OK] PlaneAngle95.00_Length499.00.mat -> 1 ROIs  (angulo=95.00)

ROIs base: 22  |  Forma: (22, 700, 2000)
Rango TL: [-100.00, -4.17]
Rango ángulos: [-175.00°, 180.00°]
Data augmentation desactivado: 22 muestras (sin aumentar)
Batches por época: 11

============================================================
  ENTRENANDO DIFFUSION TRANSFORMER (DiT)
============================================================
Parámetros entrenables: 64,306,305
Configuración DiT:
  - Hidden size: 512
  - Depth: 12
  - Num heads: 8
  - MLP ratio: 4.0
  - VAE latent channels: 128
  - Diffusion steps: 1000
  Época   1/100  |  MSE loss = 1.001314  |  LR = 1.10e-06  |  31s  ETA 3028s
  Época  10/100  |  MSE loss = 0.999805  |  LR = 1.10e-05  |  176s  ETA 1587s
  Época  20/100  |  MSE loss = 1.000191  |  LR = 2.20e-05  |  335s  ETA 1339s
  Época  30/100  |  MSE loss = 1.000156  |  LR = 3.30e-05  |  507s  ETA 1183s
  Época  40/100  |  MSE loss = 0.999676  |  LR = 4.40e-05  |  671s  ETA 1007s
  Época  50/100  |  MSE loss = 0.999654  |  LR = 5.50e-05  |  837s  ETA 837s
  Época  60/100  |  MSE loss = 1.000342  |  LR = 6.60e-05  |  998s  ETA 665s
  Época  70/100  |  MSE loss = 0.999954  |  LR = 7.70e-05  |  1155s  ETA 495s
  Época  80/100  |  MSE loss = 0.999869  |  LR = 8.80e-05  |  1315s  ETA 329s
  Época  90/100  |  MSE loss = 1.000020  |  LR = 9.90e-05  |  1473s  ETA 164s
  Época 100/100  |  MSE loss = 0.999871  |  LR = 0.00e+00  |  1631s  ETA 0s

Entrenamiento completado en 1631s (27.2 min)
Curva de entrenamiento guardada.

============================================================
  VALIDACIÓN: GENERANDO PLANOS DE VALIDACIÓN
============================================================
Encontrados 6 planos de validación
  Error procesando PlaneAngle10.00_Length499.00.mat: Please use HDF reader for matlab v7.3 files, e.g. h5py
  Error procesando PlaneAngle135.00_Length499.00.mat: Please use HDF reader for matlab v7.3 files, e.g. h5py
  Error procesando PlaneAngle140.00_Length499.00.mat: Please use HDF reader for matlab v7.3 files, e.g. h5py
  Error procesando PlaneAngle145.00_Length499.00.mat: Please use HDF reader for matlab v7.3 files, e.g. h5py
  Error procesando PlaneAngle75.00_Length499.00.mat: Please use HDF reader for matlab v7.3 files, e.g. h5py
  Error procesando PlaneAngle80.00_Length499.00.mat: Please use HDF reader for matlab v7.3 files, e.g. h5py
mié 08 abr 2026 20:24:01 CEST
Finished
