Starting job
jue 09 abr 2026 14:49:09 CEST
Dispositivo: cuda
  GPU: AMD Instinct MI210
  VRAM: 68.7 GB
============================================================
  CARGANDO PLANOS Y EXTRAYENDO ROIs
============================================================
  Modo ROI: corner_fixed  |  esquina fisica (X, Z) = (0, 10)
  [i] PlaneAngle-145.00_Length499.00.mat: esquina física (0, 10) -> pixel (776, 0)
  [OK] PlaneAngle-145.00_Length499.00.mat -> 1 ROIs  (angulo=-145.00)
  [i] PlaneAngle-150.00_Length499.00.mat: esquina física (0, 10) -> pixel (776, 0)
  [OK] PlaneAngle-150.00_Length499.00.mat -> 1 ROIs  (angulo=-150.00)
  [i] PlaneAngle-155.00_Length499.00.mat: esquina física (0, 10) -> pixel (776, 0)
  [OK] PlaneAngle-155.00_Length499.00.mat -> 1 ROIs  (angulo=-155.00)
  [i] PlaneAngle-160.00_Length499.00.mat: esquina física (0, 10) -> pixel (776, 0)
  [OK] PlaneAngle-160.00_Length499.00.mat -> 1 ROIs  (angulo=-160.00)
  [i] PlaneAngle-165.00_Length499.00.mat: esquina física (0, 10) -> pixel (776, 0)
  [OK] PlaneAngle-165.00_Length499.00.mat -> 1 ROIs  (angulo=-165.00)
  [i] PlaneAngle-170.00_Length499.00.mat: esquina física (0, 10) -> pixel (776, 0)
  [OK] PlaneAngle-170.00_Length499.00.mat -> 1 ROIs  (angulo=-170.00)
  [i] PlaneAngle-175.00_Length499.00.mat: esquina física (0, 10) -> pixel (776, 0)
  [OK] PlaneAngle-175.00_Length499.00.mat -> 1 ROIs  (angulo=-175.00)
  [i] PlaneAngle100.00_Length499.00.mat: esquina física (0, 10) -> pixel (776, 0)
  [OK] PlaneAngle100.00_Length499.00.mat -> 1 ROIs  (angulo=100.00)
  [i] PlaneAngle105.00_Length499.00.mat: esquina física (0, 10) -> pixel (776, 0)
  [OK] PlaneAngle105.00_Length499.00.mat -> 1 ROIs  (angulo=105.00)
  [i] PlaneAngle110.00_Length499.00.mat: esquina física (0, 10) -> pixel (776, 0)
  [OK] PlaneAngle110.00_Length499.00.mat -> 1 ROIs  (angulo=110.00)
  [i] PlaneAngle115.00_Length499.00.mat: esquina física (0, 10) -> pixel (776, 0)
  [OK] PlaneAngle115.00_Length499.00.mat -> 1 ROIs  (angulo=115.00)
  [i] PlaneAngle120.00_Length499.00.mat: esquina física (0, 10) -> pixel (776, 0)
  [OK] PlaneAngle120.00_Length499.00.mat -> 1 ROIs  (angulo=120.00)
  [i] PlaneAngle125.00_Length499.00.mat: esquina física (0, 10) -> pixel (776, 0)
  [OK] PlaneAngle125.00_Length499.00.mat -> 1 ROIs  (angulo=125.00)
  [i] PlaneAngle130.00_Length499.00.mat: esquina física (0, 10) -> pixel (776, 0)
  [OK] PlaneAngle130.00_Length499.00.mat -> 1 ROIs  (angulo=130.00)
  [i] PlaneAngle150.00_Length499.00.mat: esquina física (0, 10) -> pixel (776, 0)
  [OK] PlaneAngle150.00_Length499.00.mat -> 1 ROIs  (angulo=150.00)
  [i] PlaneAngle155.00_Length499.00.mat: esquina física (0, 10) -> pixel (776, 0)
  [OK] PlaneAngle155.00_Length499.00.mat -> 1 ROIs  (angulo=155.00)
  [i] PlaneAngle160.00_Length499.00.mat: esquina física (0, 10) -> pixel (776, 0)
  [OK] PlaneAngle160.00_Length499.00.mat -> 1 ROIs  (angulo=160.00)
  [i] PlaneAngle165.00_Length499.00.mat: esquina física (0, 10) -> pixel (776, 0)
  [OK] PlaneAngle165.00_Length499.00.mat -> 1 ROIs  (angulo=165.00)
  [i] PlaneAngle170.00_Length499.00.mat: esquina física (0, 10) -> pixel (776, 0)
  [OK] PlaneAngle170.00_Length499.00.mat -> 1 ROIs  (angulo=170.00)
  [i] PlaneAngle175.00_Length499.00.mat: esquina física (0, 10) -> pixel (776, 0)
  [OK] PlaneAngle175.00_Length499.00.mat -> 1 ROIs  (angulo=175.00)
  [i] PlaneAngle180.00_Length499.00.mat: esquina física (0, 10) -> pixel (776, 0)
  [OK] PlaneAngle180.00_Length499.00.mat -> 1 ROIs  (angulo=180.00)
  [i] PlaneAngle95.00_Length499.00.mat: esquina física (0, 10) -> pixel (776, 0)
  [OK] PlaneAngle95.00_Length499.00.mat -> 1 ROIs  (angulo=95.00)

ROIs base: 22  |  Forma: (22, 700, 2000)
Rango TL: [-100.00, -4.17]
Rango ángulos: [-175.00°, 180.00°]
Data augmentation desactivado: 22 muestras (sin aumentar)
Batches por época: 11

============================================================
  ENTRENANDO DIFFUSION TRANSFORMER (DiT)
============================================================

✓ Cargando VAE pre-entrenado desde: /home/j.framinan/unet_ae_modular/output/unet_ae_model.pt
  ✓ VAE congelado (no se entrena, sólo se usa como encoder/decoder)

Parámetros entrenables: 178,176
Configuración DiT:
  - Hidden size: 64
  - Depth: 2
  - Num heads: 1
  - MLP ratio: 4.0
  - VAE latent channels: 128
  - Diffusion steps: 1000
  Época   1/100  |  MSE loss = 1.315883  |  LR = 1.10e-04  |  9s  ETA 15m 24s
  Época  10/100  |  MSE loss = 1.014987  |  LR = 4.71e-04  |  1m 19s  ETA 11m 53s
  Época  20/100  |  MSE loss = 1.006154  |  LR = 4.19e-04  |  2m 43s  ETA 10m 52s
  Época  30/100  |  MSE loss = 1.003691  |  LR = 3.67e-04  |  3m 59s  ETA 9m 19s
  Época  40/100  |  MSE loss = 1.002837  |  LR = 3.14e-04  |  5m 16s  ETA 7m 54s
  Época  50/100  |  MSE loss = 1.001784  |  LR = 2.62e-04  |  6m 33s  ETA 6m 33s
  Época  60/100  |  MSE loss = 1.001234  |  LR = 2.10e-04  |  7m 54s  ETA 5m 16s
  Época  70/100  |  MSE loss = 1.001095  |  LR = 1.57e-04  |  9m 23s  ETA 4m 1s
  Época  80/100  |  MSE loss = 1.000884  |  LR = 1.05e-04  |  10m 54s  ETA 2m 43s
  Época  90/100  |  MSE loss = 1.000889  |  LR = 5.24e-05  |  12m 13s  ETA 1m 21s
  Época 100/100  |  MSE loss = 1.000501  |  LR = 0.00e+00  |  13m 45s  ETA 0s

Entrenamiento completado en 13m 45s
Curva de entrenamiento guardada.

============================================================
  VALIDACIÓN: GENERANDO PLANOS DE VALIDACIÓN
============================================================
Encontrados 6 planos de validación
  Error procesando PlaneAngle10.00_Length499.00.mat: operands could not be broadcast together with shapes (696,2000) (700,2000) 
  Error procesando PlaneAngle135.00_Length499.00.mat: operands could not be broadcast together with shapes (696,2000) (700,2000) 
  Error procesando PlaneAngle140.00_Length499.00.mat: operands could not be broadcast together with shapes (696,2000) (700,2000) 
  Error procesando PlaneAngle145.00_Length499.00.mat: operands could not be broadcast together with shapes (696,2000) (700,2000) 
  Error procesando PlaneAngle75.00_Length499.00.mat: operands could not be broadcast together with shapes (696,2000) (700,2000) 
  Error procesando PlaneAngle80.00_Length499.00.mat: operands could not be broadcast together with shapes (696,2000) (700,2000) 
  Validación visual guardada en /home/j.framinan/Intento_Transformers/output/validation/PNG/validation_real_vs_gen.png

Modelo guardado en: /home/j.framinan/Intento_Transformers/output/dit_model_latest.pt

============================================================
  ¡LISTO! Entrenamiento du DiT completado
  Resultados en: /home/j.framinan/Intento_Transformers/output/train/PNG
============================================================
jue 09 abr 2026 15:07:06 CEST
Finished
