Starting job
vie 10 abr 2026 10:58:37 CEST
Project dir: /home/j.framinan/TFG_repo/Intento_Transformers
Device: cuda
  GPU: AMD Instinct MI210 (68.7 GB)
======================================================================
Loading data and extracting ROIs
======================================================================
  Modo ROI: corner_fixed  |  esquina fisica (X, Z) = (0, 10)
  [i] PlaneAngle-145.00_Length499.00.mat: esquina física (0, 10) -> pixel (776, 0)
  [OK] PlaneAngle-145.00_Length499.00.mat -> 1 ROIs  (angulo=-145.00)
  [i] PlaneAngle-150.00_Length499.00.mat: esquina física (0, 10) -> pixel (776, 0)
  [OK] PlaneAngle-150.00_Length499.00.mat -> 1 ROIs  (angulo=-150.00)
  [i] PlaneAngle-155.00_Length499.00.mat: esquina física (0, 10) -> pixel (776, 0)
  [OK] PlaneAngle-155.00_Length499.00.mat -> 1 ROIs  (angulo=-155.00)
  [i] PlaneAngle-160.00_Length499.00.mat: esquina física (0, 10) -> pixel (776, 0)
  [OK] PlaneAngle-160.00_Length499.00.mat -> 1 ROIs  (angulo=-160.00)
  [i] PlaneAngle-165.00_Length499.00.mat: esquina física (0, 10) -> pixel (776, 0)
  [OK] PlaneAngle-165.00_Length499.00.mat -> 1 ROIs  (angulo=-165.00)
  [i] PlaneAngle-170.00_Length499.00.mat: esquina física (0, 10) -> pixel (776, 0)
  [OK] PlaneAngle-170.00_Length499.00.mat -> 1 ROIs  (angulo=-170.00)
  [i] PlaneAngle-175.00_Length499.00.mat: esquina física (0, 10) -> pixel (776, 0)
  [OK] PlaneAngle-175.00_Length499.00.mat -> 1 ROIs  (angulo=-175.00)
  [i] PlaneAngle0.00_Length499.00.mat: esquina física (0, 10) -> pixel (776, 0)
  [OK] PlaneAngle0.00_Length499.00.mat -> 1 ROIs  (angulo=0.00)
  [i] PlaneAngle100.00_Length499.00.mat: esquina física (0, 10) -> pixel (776, 0)
  [OK] PlaneAngle100.00_Length499.00.mat -> 1 ROIs  (angulo=100.00)
  [i] PlaneAngle105.00_Length499.00.mat: esquina física (0, 10) -> pixel (776, 0)
  [OK] PlaneAngle105.00_Length499.00.mat -> 1 ROIs  (angulo=105.00)
  [i] PlaneAngle110.00_Length499.00.mat: esquina física (0, 10) -> pixel (776, 0)
  [OK] PlaneAngle110.00_Length499.00.mat -> 1 ROIs  (angulo=110.00)
  [i] PlaneAngle115.00_Length499.00.mat: esquina física (0, 10) -> pixel (776, 0)
  [OK] PlaneAngle115.00_Length499.00.mat -> 1 ROIs  (angulo=115.00)
  [i] PlaneAngle120.00_Length499.00.mat: esquina física (0, 10) -> pixel (776, 0)
  [OK] PlaneAngle120.00_Length499.00.mat -> 1 ROIs  (angulo=120.00)
  [i] PlaneAngle125.00_Length499.00.mat: esquina física (0, 10) -> pixel (776, 0)
  [OK] PlaneAngle125.00_Length499.00.mat -> 1 ROIs  (angulo=125.00)
  [i] PlaneAngle130.00_Length499.00.mat: esquina física (0, 10) -> pixel (776, 0)
  [OK] PlaneAngle130.00_Length499.00.mat -> 1 ROIs  (angulo=130.00)
  [i] PlaneAngle15.00_Length499.00.mat: esquina física (0, 10) -> pixel (776, 0)
  [OK] PlaneAngle15.00_Length499.00.mat -> 1 ROIs  (angulo=15.00)
  [i] PlaneAngle150.00_Length499.00.mat: esquina física (0, 10) -> pixel (776, 0)
  [OK] PlaneAngle150.00_Length499.00.mat -> 1 ROIs  (angulo=150.00)
  [i] PlaneAngle155.00_Length499.00.mat: esquina física (0, 10) -> pixel (776, 0)
  [OK] PlaneAngle155.00_Length499.00.mat -> 1 ROIs  (angulo=155.00)
  [i] PlaneAngle160.00_Length499.00.mat: esquina física (0, 10) -> pixel (776, 0)
  [OK] PlaneAngle160.00_Length499.00.mat -> 1 ROIs  (angulo=160.00)
  [i] PlaneAngle165.00_Length499.00.mat: esquina física (0, 10) -> pixel (776, 0)
  [OK] PlaneAngle165.00_Length499.00.mat -> 1 ROIs  (angulo=165.00)
  [i] PlaneAngle170.00_Length499.00.mat: esquina física (0, 10) -> pixel (776, 0)
  [OK] PlaneAngle170.00_Length499.00.mat -> 1 ROIs  (angulo=170.00)
  [i] PlaneAngle175.00_Length499.00.mat: esquina física (0, 10) -> pixel (776, 0)
  [OK] PlaneAngle175.00_Length499.00.mat -> 1 ROIs  (angulo=175.00)
  [i] PlaneAngle180.00_Length499.00.mat: esquina física (0, 10) -> pixel (776, 0)
  [OK] PlaneAngle180.00_Length499.00.mat -> 1 ROIs  (angulo=180.00)
  [i] PlaneAngle20.00_Length499.00.mat: esquina física (0, 10) -> pixel (776, 0)
  [OK] PlaneAngle20.00_Length499.00.mat -> 1 ROIs  (angulo=20.00)
  [i] PlaneAngle25.00_Length499.00.mat: esquina física (0, 10) -> pixel (776, 0)
  [OK] PlaneAngle25.00_Length499.00.mat -> 1 ROIs  (angulo=25.00)
  [i] PlaneAngle30.00_Length499.00.mat: esquina física (0, 10) -> pixel (776, 0)
  [OK] PlaneAngle30.00_Length499.00.mat -> 1 ROIs  (angulo=30.00)
  [i] PlaneAngle35.00_Length499.00.mat: esquina física (0, 10) -> pixel (776, 0)
  [OK] PlaneAngle35.00_Length499.00.mat -> 1 ROIs  (angulo=35.00)
  [i] PlaneAngle40.00_Length499.00.mat: esquina física (0, 10) -> pixel (776, 0)
  [OK] PlaneAngle40.00_Length499.00.mat -> 1 ROIs  (angulo=40.00)
  [i] PlaneAngle45.00_Length499.00.mat: esquina física (0, 10) -> pixel (776, 0)
  [OK] PlaneAngle45.00_Length499.00.mat -> 1 ROIs  (angulo=45.00)
  [i] PlaneAngle5.00_Length499.00.mat: esquina física (0, 10) -> pixel (776, 0)
  [OK] PlaneAngle5.00_Length499.00.mat -> 1 ROIs  (angulo=5.00)
  [i] PlaneAngle50.00_Length499.00.mat: esquina física (0, 10) -> pixel (776, 0)
  [OK] PlaneAngle50.00_Length499.00.mat -> 1 ROIs  (angulo=50.00)
  [i] PlaneAngle55.00_Length499.00.mat: esquina física (0, 10) -> pixel (776, 0)
  [OK] PlaneAngle55.00_Length499.00.mat -> 1 ROIs  (angulo=55.00)
  [i] PlaneAngle60.00_Length499.00.mat: esquina física (0, 10) -> pixel (776, 0)
  [OK] PlaneAngle60.00_Length499.00.mat -> 1 ROIs  (angulo=60.00)
  [i] PlaneAngle65.00_Length499.00.mat: esquina física (0, 10) -> pixel (776, 0)
  [OK] PlaneAngle65.00_Length499.00.mat -> 1 ROIs  (angulo=65.00)
  [i] PlaneAngle70.00_Length499.00.mat: esquina física (0, 10) -> pixel (776, 0)
  [OK] PlaneAngle70.00_Length499.00.mat -> 1 ROIs  (angulo=70.00)
  [i] PlaneAngle85.00_Length499.00.mat: esquina física (0, 10) -> pixel (776, 0)
  [OK] PlaneAngle85.00_Length499.00.mat -> 1 ROIs  (angulo=85.00)
  [i] PlaneAngle90.00_Length499.00.mat: esquina física (0, 10) -> pixel (776, 0)
  [OK] PlaneAngle90.00_Length499.00.mat -> 1 ROIs  (angulo=90.00)
  [i] PlaneAngle95.00_Length499.00.mat: esquina física (0, 10) -> pixel (776, 0)
  [OK] PlaneAngle95.00_Length499.00.mat -> 1 ROIs  (angulo=95.00)
ROIs loaded: 38
ROI shape: 700 x 2000
TL range: [-100.000, -4.174]
Angle range: [-175.000, 180.000]
Augmentation: OFF (38 samples)
Batches per epoch: 10
Latent shape: 117 x 334 (channels=1, ratio=6)
======================================================================
Training DiT
======================================================================
Trainable params: 36,338,190
Model config: hidden=448, depth=11, heads=14, patch=2, attn_chunk=448
Optimization config: grad_accum=1, ema_decay=0.9997, val_ddim_steps=400, ckpt=True
Epoch    1/20 | loss=1.156893 | smooth=1.156893 | lr=3.75e-06 | elapsed=1m 40s eta=31m 47s
Epoch   10/20 | loss=0.142383 | smooth=0.761701 | lr=3.75e-05 | elapsed=16m 27s eta=16m 27s
Epoch   20/20 | loss=0.061005 | smooth=0.383040 | lr=7.50e-05 | elapsed=32m 52s eta=0s
Training finished in 32m 52s
Training curve saved to: /home/j.framinan/TFG_repo/Intento_Transformers/output/train/PNG/training_curve_dit.png
======================================================================
Validation
======================================================================

============================================================
  CARGANDO PLANOS DE VALIDACION
============================================================
  Modo ROI: corner_fixed  |  esquina fisica (X, Z) = (0, 10)
  [OK] PlaneAngle10.00_Length499.00.mat -> 1 ROIs  (angulo=10.00)
  [OK] PlaneAngle135.00_Length499.00.mat -> 1 ROIs  (angulo=135.00)
  [OK] PlaneAngle140.00_Length499.00.mat -> 1 ROIs  (angulo=140.00)
  [OK] PlaneAngle145.00_Length499.00.mat -> 1 ROIs  (angulo=145.00)
  [OK] PlaneAngle75.00_Length499.00.mat -> 1 ROIs  (angulo=75.00)
  [OK] PlaneAngle80.00_Length499.00.mat -> 1 ROIs  (angulo=80.00)
Validation angle=+010.00 | MAE=50.779 RMSE=61.613 MAPE=70.54%
Validation angle=+135.00 | MAE=50.888 RMSE=62.596 MAPE=70.20%
Validation angle=+140.00 | MAE=50.829 RMSE=62.744 MAPE=70.01%
Validation angle=+145.00 | MAE=50.761 RMSE=62.871 MAPE=69.60%
Validation angle=+075.00 | MAE=50.529 RMSE=61.419 MAPE=70.21%
Validation angle=+080.00 | MAE=50.349 RMSE=61.277 MAPE=70.07%
Validation figure saved to: /home/j.framinan/TFG_repo/Intento_Transformers/output/validation/PNG/validation_real_vs_generated.png
Validation summary: MAE=50.689 | RMSE=62.087 | MAPE=70.10% | MaxAbs=95.826
======================================================================
Checkpoint saved to: /home/j.framinan/TFG_repo/Intento_Transformers/output/dit_model_latest.pt
Done.
======================================================================
vie 10 abr 2026 12:00:45 CEST
Finished
